mitchell@mitchell-X540SA:~$ cd Desktop
mitchell@mitchell-X540SA:~/Desktop$ cd Treehouse
-bash: cd: Treehouse: No such file or directory
mitchell@mitchell-X540SA:~/Desktop$ cd Ruby
mitchell@mitchell-X540SA:~/Desktop/Ruby$ cd Treehouse
mitchell@mitchell-X540SA:~/Desktop/Ruby/Treehouse$ echo "# Test" >> README.md
mitchell@mitchell-X540SA:~/Desktop/Ruby/Treehouse$ git init
Initialized empty Git repository in /home/mitchell/Desktop/Ruby/Treehouse/.git/
mitchell@mitchell-X540SA:~/Desktop/Ruby/Treehouse$ git add README.md
mitchell@mitchell-X540SA:~/Desktop/Ruby/Treehouse$ git commit -m "first commit"
[master (root-commit) 57d9311] first commit
 1 file changed, 1 insertion(+)
 create mode 100644 README.md
mitchell@mitchell-X540SA:~/Desktop/Ruby/Treehouse$ git remote add origin https://github.com/M22H/Test.git
mitchell@mitchell-X540SA:~/Desktop/Ruby/Treehouse$ git push -u origin master
Username for 'https://github.com': M22H
Password for 'https://M22H@github.com': 
Counting objects: 3, done.
Writing objects: 100% (3/3), 219 bytes | 219.00 KiB/s, done.
Total 3 (delta 0), reused 0 (delta 0)
To https://github.com/M22H/Test.git
 * [new branch]      master -> master
Branch 'master' set up to track remote branch 'master' from 'origin'.
mitchell@mitchell-X540SA:~/Desktop/Ruby/Treehouse$ git push -u origin ..
fatal: remote part of refspec is not a valid name in ..
mitchell@mitchell-X540SA:~/Desktop/Ruby/Treehouse$ ls -al
total 92
drwxrwxr-x 3 mitchell mitchell 4096 Aug 16 19:05 .
drwxrwxr-x 5 mitchell mitchell 4096 Aug 16 18:50 ..
-rw-rw-r-- 1 mitchell mitchell  209 Aug 12 18:09 array_addition.rb
-rw-rw-r-- 1 mitchell mitchell  168 Aug 12 17:50 array_creation.rb
-rw-rw-r-- 1 mitchell mitchell 7778 Aug 12 18:27 arraynotes.rb
-rw-rw-r-- 1 mitchell mitchell  150 Aug 12 16:52 booleanelsif.rb
-rw-rw-r-- 1 mitchell mitchell  268 Aug  7 18:33 classes.rb
drwxr-xr-x 8 mitchell mitchell 4096 Aug 16 19:05 .git
-rw-rw-r-- 1 mitchell mitchell  557 Aug 12 21:40 hash_methods.rb
-rw-rw-r-- 1 mitchell mitchell  119 Aug  9 20:04 ifunless.rb
-rw-rw-r-- 1 mitchell mitchell   39 Aug  7 18:01 meth_objects.rb
-rw-rw-r-- 1 mitchell mitchell   99 Aug  7 19:11 Multitest.rb
-rw-rw-r-- 1 mitchell mitchell   91 Aug  9 17:11 Numbers.rb
-rw-rw-r-- 1 mitchell mitchell  198 Aug  7 14:13 oldparameters.rb
-rw-rw-r-- 1 mitchell mitchell  154 Aug  7 18:54 parameters.rb
-rw-r--r-- 1 mitchell mitchell    7 Aug 16 19:05 README.md
-rw-rw-r-- 1 mitchell mitchell  858 Aug 13 00:26 shopping_list.rb
-rw-rw-r-- 1 mitchell mitchell   80 Aug  7 16:11 temp1.rb
-rw-rw-r-- 1 mitchell mitchell  153 Aug  7 14:01 temp.rb
-rw-rw-r-- 1 mitchell mitchell  336 Aug  9 17:11 TT.rb
-rw-rw-r-- 1 mitchell mitchell   99 Aug  7 13:52 variables.rb
-rw-rw-r-- 1 mitchell mitchell  404 Aug 12 17:09 widgets.rb
mitchell@mitchell-X540SA:~/Desktop/Ruby/Treehouse$ git init
Reinitialized existing Git repository in /home/mitchell/Desktop/Ruby/Treehouse/.git/
mitchell@mitchell-X540SA:~/Desktop/Ruby/Treehouse$ git add .
mitchell@mitchell-X540SA:~/Desktop/Ruby/Treehouse$ git commit- "second commit"
git: 'commit-' is not a git command. See 'git --help'.

The most similar command is
	commit
mitchell@mitchell-X540SA:~/Desktop/Ruby/Treehouse$ git commit -m "second commit"[master a61c8ea] second commit
 18 files changed, 414 insertions(+)
 create mode 100644 Multitest.rb
 create mode 100644 Numbers.rb
 create mode 100644 TT.rb
 create mode 100644 array_addition.rb
 create mode 100644 array_creation.rb
 create mode 100644 arraynotes.rb
 create mode 100644 booleanelsif.rb
 create mode 100644 classes.rb
 create mode 100644 hash_methods.rb
 create mode 100644 ifunless.rb
 create mode 100644 meth_objects.rb
 create mode 100644 oldparameters.rb
 create mode 100644 parameters.rb
 create mode 100644 shopping_list.rb
 create mode 100644 temp.rb
 create mode 100644 temp1.rb
 create mode 100644 variables.rb
 create mode 100644 widgets.rb
mitchell@mitchell-X540SA:~/Desktop/Ruby/Treehouse$ git remote add origin https://github.com/M222H/test.git
fatal: remote origin already exists.
mitchell@mitchell-X540SA:~/Desktop/Ruby/Treehouse$ git push -u origin master
Username for 'https://github.com': M22H
Password for 'https://M22H@github.com': 
Counting objects: 20, done.
Delta compression using up to 4 threads.
Compressing objects: 100% (19/19), done.
Writing objects: 100% (20/20), 4.24 KiB | 1.41 MiB/s, done.
Total 20 (delta 1), reused 0 (delta 0)
remote: Resolving deltas: 100% (1/1), done.
To https://github.com/M22H/Test.git
   57d9311..a61c8ea  master -> master
Branch 'master' set up to track remote branch 'master' from 'origin'.
mitchell@mitchell-X540SA:~/Desktop/Ruby/Treehouse$ git status
On branch master
Your branch is up to date with 'origin/master'.

nothing to commit, working tree clean
mitchell@mitchell-X540SA:~/Desktop/Ruby/Treehouse$ git status
On branch master
Your branch is up to date with 'origin/master'.

Changes not staged for commit:
  (use "git add <file>..." to update what will be committed)
  (use "git checkout -- <file>..." to discard changes in working directory)

	modified:   widgets.rb

no changes added to commit (use "git add" and/or "git commit -a")
mitchell@mitchell-X540SA:~/Desktop/Ruby/Treehouse$ git add widgets.rb
mitchell@mitchell-X540SA:~/Desktop/Ruby/Treehouse$ git add status
fatal: pathspec 'status' did not match any files
mitchell@mitchell-X540SA:~/Desktop/Ruby/Treehouse$ git status
On branch master
Your branch is up to date with 'origin/master'.

Changes to be committed:
  (use "git reset HEAD <file>..." to unstage)

	modified:   widgets.rb

mitchell@mitchell-X540SA:~/Desktop/Ruby/Treehouse$ git commit -m "third commit"
[master b928f1b] third commit
 1 file changed, 1 insertion(+)
mitchell@mitchell-X540SA:~/Desktop/Ruby/Treehouse$ git push -u origin master
Username for 'https://github.com': M22H
Password for 'https://M22H@github.com': 
Counting objects: 3, done.
Delta compression using up to 4 threads.
Compressing objects: 100% (3/3), done.
Writing objects: 100% (3/3), 285 bytes | 285.00 KiB/s, done.
Total 3 (delta 2), reused 0 (delta 0)
remote: Resolving deltas: 100% (2/2), completed with 2 local objects.
To https://github.com/M22H/Test.git
   a61c8ea..b928f1b  master -> master
Branch 'master' set up to track remote branch 'master' from 'origin'.
mitchell@mitchell-X540SA:~/Desktop/Ruby/Treehouse$ ^C
mitchell@mitchell-X540SA:~/Desktop/Ruby/Treehouse$ 
